16:01:17 **** Incremental Build of configuration Debug for project FND ****
make -j16 all 
arm-none-eabi-gcc "../Core/Src/main.c" -mcpu=cortex-m3 -std=gnu11 -g3 -DDEBUG -DUSE_HAL_DRIVER -DSTM32F103xB -c -I../Core/Inc -I../Drivers/STM32F1xx_HAL_Driver/Inc/Legacy -I../Drivers/STM32F1xx_HAL_Driver/Inc -I../Drivers/CMSIS/Device/ST/STM32F1xx/Include -I../Drivers/CMSIS/Include -O0 -ffunction-sections -fdata-sections -Wall -fstack-usage -fcyclomatic-complexity -MMD -MP -MF"Core/Src/main.d" -MT"Core/Src/main.o" --specs=nano.specs -mfloat-abi=soft -mthumb -o "Core/Src/main.o"
arm-none-eabi-gcc -o "FND.elf" @"objects.list"   -mcpu=cortex-m3 -T"C:\Github\FND\FND\STM32F103C8TX_FLASH.ld" --specs=nosys.specs -Wl,-Map="FND.map" -Wl,--gc-sections -static --specs=nano.specs -mfloat-abi=soft -mthumb -Wl,--start-group -lc -lm -Wl,--end-group
Finished building target: FND.elf
 
arm-none-eabi-size  FND.elf 
arm-none-eabi-objdump -h -S FND.elf  > "FND.list"
   text	   data	    bss	    dec	    hex	filename
   4708	     12	   1572	   6292	   1894	FND.elf
Finished building: default.size.stdout
 
Finished building: FND.list
 

16:01:18 Build Finished. 0 errors, 0 warnings. (took 437ms)

